// Jest Snapshot v1, https://goo.gl/fbAQLP

exports[`Form component should render the input component 1`] = `
<div
  className="icon linfo passwrd false"
>
  <input
    className="input"
    id="password"
    onChange={[Function]}
    pattern="^[\\\\w@.]{7,20}$"
    placeholder="Password"
    required={true}
    type="password"
    value=""
  />
  <div
    className="e-icon"
  />
</div>
`;
